 <<< Combine >>> 
 <<< v10.0.1 >>>
>>> Random number generator seed is 123456
>>> Method used is FitDiagnostics
Set Default Value of Parameter r To : 1
>>> 0 out of 6 channels masked

>> Found 10 floating parameters
>> The following parameters are protected in the event of negative eigenvalues:
>> Verifying eigenvalues are all positive (iteration 0)
Eigenvalue 9 : -0.00323393
 - 0.770435	Backgroundrpf_2x0_par1
 - -0.475557	Backgroundrpf_2x0_par3
 - -0.378533	Backgroundrpf_2x0_par2
 - -0.192252	Backgroundrpf_2x0_par0
 - -0.00313825	Backgroundfail_SIG_bin_1-1
>> Attempt 0 failed, remove the variable with largest eigenvector component...
>> Dropping Backgroundrpf_2x0_par1 from the hessian
>> Verifying eigenvalues are all positive (iteration 1)
>> All eigenvalues are positive
>> Inverting Hessian...
>> Matrix inverted
>> Note: the following parameters were dropped to make the covariance matrix pos-def:
     - Backgroundrpf_2x0_par1
 Fit B-only, status = 0, numBadNLL = 0, covariance quality = -1
Running Minos for POI r
>> Found 11 floating parameters
>> The following parameters are protected in the event of negative eigenvalues: r
>> Verifying eigenvalues are all positive (iteration 0)
Eigenvalue 9 : -5.60641e-05
 - -0.795256	r
 - 0.559445	Backgroundrpf_2x0_par0
 - 0.23287	Backgroundrpf_2x0_par3
 - 0.015063	Backgroundfail_LOW_bin_1-1
 - 0.0112651	Backgroundrpf_2x0_par1
Eigenvalue 10 : -0.00643663
 - 0.807924	Backgroundrpf_2x0_par1
 - -0.412238	Backgroundrpf_2x0_par2
 - -0.329885	Backgroundrpf_2x0_par3
 - -0.201602	r
 - -0.166749	Backgroundrpf_2x0_par0
>> Attempt 0 failed, remove the variable with largest eigenvector component...
>> Dropping Backgroundrpf_2x0_par1 from the hessian
>> Verifying eigenvalues are all positive (iteration 1)
Eigenvalue 9 : -5.76055e-05
 - 0.797224	r
 - -0.545146	Backgroundrpf_2x0_par0
 - -0.258841	Backgroundrpf_2x0_par3
 - -0.0151003	Backgroundfail_LOW_bin_1-1
 - -0.00437663	Backgroundrpf_2x0_par2
>> Attempt 1 failed, remove the variable with largest eigenvector component...
>> Dropping Backgroundrpf_2x0_par0 from the hessian
>> Verifying eigenvalues are all positive (iteration 2)
>> All eigenvalues are positive
>> Inverting Hessian...
>> Matrix inverted
>> Note: the following parameters were dropped to make the covariance matrix pos-def:
     - Backgroundrpf_2x0_par1
     - Backgroundrpf_2x0_par0
Fit S+B, status = 3, numBadNLL = 0, covariance quality = -1

 --- FitDiagnostics ---
Best fit r: 7.2686  -7.2686/+42.7314  (68% CL)
Done in 0.00 min (cpu), 0.01 min (real)
21 log messages saved to combine_logger.out
