 <<< Combine >>> 
 <<< v10.0.1 >>>
>>> Random number generator seed is 123456
>>> Method used is FitDiagnostics
Set Default Value of Parameter r To : 1
>>> 0 out of 6 channels masked

>> Found 8 floating parameters
>> The following parameters are protected in the event of negative eigenvalues:
>> Parameter Backgroundrpf_expo_par0 does not have a valid stencil and will be dropped
>> Verifying eigenvalues are all positive (iteration 0)
>> All eigenvalues are positive
>> Inverting Hessian...
>> Matrix inverted
>> Note: the following parameters were dropped as their ranges are either too narrow or the parameter has no effect on the NLL:
     - Backgroundrpf_expo_par0
 Fit B-only, status = 0, numBadNLL = 0, covariance quality = -1
Running Minos for POI r
>> Found 9 floating parameters
>> The following parameters are protected in the event of negative eigenvalues: r
>> Parameter Backgroundrpf_expo_par0 does not have a valid stencil and will be dropped
>> Verifying eigenvalues are all positive (iteration 0)
>> All eigenvalues are positive
>> Inverting Hessian...
>> Matrix inverted
>> Note: the following parameters were dropped as their ranges are either too narrow or the parameter has no effect on the NLL:
     - Backgroundrpf_expo_par0
Fit S+B, status = 0, numBadNLL = 0, covariance quality = -1

 --- FitDiagnostics ---
Best fit r: 0.00667458  -0.00667458/+49.9933  (68% CL)
Done in 0.00 min (cpu), 0.00 min (real)
25 log messages saved to combine_logger.out
