 <<< Combine >>> 
 <<< v10.0.1 >>>
>>> Random number generator seed is 123456
>>> Method used is FitDiagnostics
Set Default Value of Parameter r To : 1
>>> 0 out of 6 channels masked

>> Found 10 floating parameters
>> The following parameters are protected in the event of negative eigenvalues:
>> Verifying eigenvalues are all positive (iteration 0)
Eigenvalue 9 : -0.0033383
 - -0.775155	Backgroundrpf_2x0_par1
 - 0.466138	Backgroundrpf_2x0_par3
 - 0.383701	Backgroundrpf_2x0_par2
 - 0.186	Backgroundrpf_2x0_par0
 - 0.00312434	Backgroundfail_SIG_bin_1-1
>> Attempt 0 failed, remove the variable with largest eigenvector component...
>> Dropping Backgroundrpf_2x0_par1 from the hessian
>> Verifying eigenvalues are all positive (iteration 1)
>> All eigenvalues are positive
>> Inverting Hessian...
>> Matrix inverted
>> Note: the following parameters were dropped to make the covariance matrix pos-def:
     - Backgroundrpf_2x0_par1
 Fit B-only, status = 0, numBadNLL = 0, covariance quality = -1
Running Minos for POI r
>> Found 11 floating parameters
>> The following parameters are protected in the event of negative eigenvalues: r
>> Verifying eigenvalues are all positive (iteration 0)
Eigenvalue 9 : -0.000330872
 - -0.8194	r
 - 0.481977	Backgroundrpf_2x0_par0
 - 0.309748	Backgroundrpf_2x0_par3
 - 0.0153602	Backgroundfail_LOW_bin_1-1
 - 0.00993661	Backgroundrpf_2x0_par1
Eigenvalue 10 : -0.00380786
 - -0.806418	Backgroundrpf_2x0_par1
 - 0.398918	Backgroundrpf_2x0_par2
 - 0.376108	Backgroundrpf_2x0_par3
 - 0.194297	r
 - 0.106318	Backgroundrpf_2x0_par0
>> Attempt 0 failed, remove the variable with largest eigenvector component...
>> Dropping Backgroundrpf_2x0_par1 from the hessian
>> Verifying eigenvalues are all positive (iteration 1)
Eigenvalue 9 : -0.000331501
 - -0.818072	r
 - 0.475286	Backgroundrpf_2x0_par0
 - 0.323434	Backgroundrpf_2x0_par3
 - 0.015334	Backgroundfail_LOW_bin_1-1
 - 0.00380836	Backgroundrpf_2x0_par2
>> Attempt 1 failed, remove the variable with largest eigenvector component...
>> Dropping Backgroundrpf_2x0_par0 from the hessian
>> Verifying eigenvalues are all positive (iteration 2)
Eigenvalue 8 : -0.000100094
 - -0.7166	r
 - 0.697346	Backgroundrpf_2x0_par3
 - 0.013554	Backgroundfail_LOW_bin_1-1
 - 0.00224507	Backgroundrpf_2x0_par2
 - -0.00131634	Backgroundfail_HIGH_bin_1-1
>> Attempt 2 failed, remove the variable with largest eigenvector component...
>> Dropping Backgroundrpf_2x0_par3 from the hessian
>> Verifying eigenvalues are all positive (iteration 3)
>> All eigenvalues are positive
>> Inverting Hessian...
>> Matrix inverted
>> Note: the following parameters were dropped to make the covariance matrix pos-def:
     - Backgroundrpf_2x0_par1
     - Backgroundrpf_2x0_par0
     - Backgroundrpf_2x0_par3
Fit S+B, status = 0, numBadNLL = 0, covariance quality = -1

 --- FitDiagnostics ---
Best fit r: 1.02418  -1.02418/+48.9758  (68% CL)
Done in 0.01 min (cpu), 0.01 min (real)
21 log messages saved to combine_logger.out
